// Jest Snapshot v1, https://goo.gl/fbAQLP

exports[`Tag variants have not changed 1`] = `
Object {
  "0": "default",
  "1": "light",
}
`;
